[debug] [2026-07-06T02:21:09.116Z] : >>>> HTTP REQUEST : GET https://api.catalyst.zoho.com/baas/v1/project/5614000000393031/table 

[debug] [2026-07-06T02:21:09.477Z] : <<<< HTTP RESPONSE : 200
Response Headers: {"server":"ZGS","date":"Mon, 06 Jul 2026 02:21:09 GMT","content-type":"application/vnd.catalyst.v2+json","transfer-encoding":"chunked","connection":"keep-alive","x-content-type-options":"nosniff","cache-control":"private,no-cache,no-store,max-age=0,must-revalidate","pragma":"no-cache","expires":"Thu, 01 Jan 1970 00:00:00 GMT","x-frame-options":"DENY","strict-transport-security":"max-age=64072000; includeSubDomains; preload"}

[debug] [2026-07-06T02:21:25.943Z] : >>>> HTTP REQUEST : GET https://api.catalyst.zoho.com/baas/v1/project/5614000000393031/table/5614000000418797/column 

[debug] [2026-07-06T02:21:26.259Z] : <<<< HTTP RESPONSE : 200
Response Headers: {"server":"ZGS","date":"Mon, 06 Jul 2026 02:21:26 GMT","content-type":"application/vnd.catalyst.v2+json","transfer-encoding":"chunked","connection":"keep-alive","x-content-type-options":"nosniff","cache-control":"private,no-cache,no-store,max-age=0,must-revalidate","pragma":"no-cache","expires":"Thu, 01 Jan 1970 00:00:00 GMT","x-frame-options":"DENY","strict-transport-security":"max-age=64072000; includeSubDomains; preload"}

[debug] [2026-07-06T02:21:47.065Z] : >>>> HTTP REQUEST : GET https://api.catalyst.zoho.com/baas/v1/project/5614000000393031/table/5614000000419078/column 

[debug] [2026-07-06T02:21:47.397Z] : <<<< HTTP RESPONSE : 200
Response Headers: {"server":"ZGS","date":"Mon, 06 Jul 2026 02:21:47 GMT","content-type":"application/vnd.catalyst.v2+json","transfer-encoding":"chunked","connection":"keep-alive","x-content-type-options":"nosniff","cache-control":"private,no-cache,no-store,max-age=0,must-revalidate","pragma":"no-cache","expires":"Thu, 01 Jan 1970 00:00:00 GMT","x-frame-options":"DENY","strict-transport-security":"max-age=64072000; includeSubDomains; preload"}

[debug] [2026-07-06T02:21:47.400Z] : >>>> HTTP REQUEST : POST https://api.catalyst.zoho.com/baas/v1/project/5614000000393031/table/5614000000419078/column/baas/v1/project/5614000000393031/table/5614000000419078/column 
Request Body: {"column_name":"focus_day_key","data_type":"varchar","max_length":"100","is_mandatory":false}

[debug] [2026-07-06T02:21:47.492Z] : <<<< HTTP RESPONSE : 404
Response Headers: {"server":"ZGS","date":"Mon, 06 Jul 2026 02:21:47 GMT","content-type":"application/json;charset=ISO-8859-1","content-length":"135","connection":"keep-alive","x-content-type-options":"nosniff","x-frame-options":"SAMEORIGIN","strict-transport-security":"max-age=64072000; includeSubDomains; preload"}

[debug] [2026-07-06T02:21:47.493Z] : Response Body : {"status":"failure","data":{"error_code":"INVALID_URL_PATTERN","message":"Please check if the URL trying to access is a correct one"}}

[debug] [2026-07-06T02:22:20.622Z] : >>>> HTTP REQUEST : PUT https://api.catalyst.zoho.com/baas/v1/project/5614000000393031/table/5614000000419078/column 
Request Body: {"column_name":"focus_day_key","data_type":"varchar","max_length":"100","is_mandatory":false}

[debug] [2026-07-06T02:22:20.979Z] : <<<< HTTP RESPONSE : 400
Response Headers: {"server":"ZGS","date":"Mon, 06 Jul 2026 02:22:21 GMT","content-type":"application/json;charset=ISO-8859-1","content-length":"128","connection":"keep-alive","x-content-type-options":"nosniff","x-frame-options":"SAMEORIGIN","strict-transport-security":"max-age=64072000; includeSubDomains; preload"}

[debug] [2026-07-06T02:22:20.981Z] : Response Body : {"status":"failure","data":{"error_code":"INVALID_REQUEST_METHOD","message":"The http request method type is not a valid one"}}

[debug] [2026-07-06T02:24:29.667Z] : >>>> HTTP REQUEST : POST https://api.catalyst.zoho.com/baas/v1/project/5614000000393031/table/5614000000419078/column 
Request Body: {"column_name":"focus_day_key","data_type":"varchar","max_length":"100","is_mandatory":false}

[debug] [2026-07-06T02:24:29.995Z] : <<<< HTTP RESPONSE : 400
Response Headers: {"server":"ZGS","date":"Mon, 06 Jul 2026 02:24:30 GMT","content-type":"application/json;charset=ISO-8859-1","content-length":"108","connection":"keep-alive","x-content-type-options":"nosniff","x-frame-options":"DENY","strict-transport-security":"max-age=64072000; includeSubDomains; preload"}

[debug] [2026-07-06T02:24:29.997Z] : Response Body : {"status":"failure","data":{"error_code":"JSON_PARSE_ERROR","message":"Check if the input json is proper"}}

[debug] [2026-07-06T02:24:29.999Z] : >>>> HTTP REQUEST : POST https://api.catalyst.zoho.com/baas/v1/project/5614000000393031/table/5614000000419078/column/baas/v1/project/5614000000393031/table/5614000000419078/column 
Request Body: {"columnName":"focus_day_key","dataType":"varchar","maxLength":100,"isMandatory":false,"column_name":"focus_day_key","data_type":"varchar","max_length":"100","is_mandatory":false}

[debug] [2026-07-06T02:24:30.097Z] : <<<< HTTP RESPONSE : 404
Response Headers: {"server":"ZGS","date":"Mon, 06 Jul 2026 02:24:30 GMT","content-type":"application/json;charset=ISO-8859-1","content-length":"135","connection":"keep-alive","x-content-type-options":"nosniff","x-frame-options":"SAMEORIGIN","strict-transport-security":"max-age=64072000; includeSubDomains; preload"}

[debug] [2026-07-06T02:24:30.098Z] : Response Body : {"status":"failure","data":{"error_code":"INVALID_URL_PATTERN","message":"Please check if the URL trying to access is a correct one"}}

[debug] [2026-07-06T02:24:30.098Z] : >>>> HTTP REQUEST : POST https://api.catalyst.zoho.com/baas/v1/project/5614000000393031/table/5614000000419078/column/baas/v1/project/5614000000393031/table/5614000000419078/column/baas/v1/project/5614000000393031/table/5614000000419078/column 
Request Body: {"column_name":"focus_day_key","datatype":"varchar","maxlength":100,"is_mandatory":false,"columnName":"focus_day_key","dataType":"varchar","maxLength":100,"isMandatory":false,"data_type":"varchar","max_length":"100"}

[debug] [2026-07-06T02:24:30.196Z] : <<<< HTTP RESPONSE : 404
Response Headers: {"server":"ZGS","date":"Mon, 06 Jul 2026 02:24:30 GMT","content-type":"application/json;charset=ISO-8859-1","content-length":"135","connection":"keep-alive","x-content-type-options":"nosniff","x-frame-options":"SAMEORIGIN","strict-transport-security":"max-age=64072000; includeSubDomains; preload"}

[debug] [2026-07-06T02:24:30.196Z] : Response Body : {"status":"failure","data":{"error_code":"INVALID_URL_PATTERN","message":"Please check if the URL trying to access is a correct one"}}

[debug] [2026-07-06T02:24:30.197Z] : >>>> HTTP REQUEST : POST https://api.catalyst.zoho.com/baas/v1/project/5614000000393031/table/5614000000419078/column/baas/v1/project/5614000000393031/table/5614000000419078/column/baas/v1/project/5614000000393031/table/5614000000419078/column/baas/v1/project/5614000000393031/table/5614000000419078/column 
Request Body: {"name":"focus_day_key","data_type":"varchar","max_length":"100","is_mandatory":false,"column_name":"focus_day_key","datatype":"varchar","maxlength":100,"columnName":"focus_day_key","dataType":"varchar","maxLength":100,"isMandatory":false}

[debug] [2026-07-06T02:24:30.292Z] : <<<< HTTP RESPONSE : 404
Response Headers: {"server":"ZGS","date":"Mon, 06 Jul 2026 02:24:30 GMT","content-type":"application/json;charset=ISO-8859-1","content-length":"135","connection":"keep-alive","x-content-type-options":"nosniff","x-frame-options":"SAMEORIGIN","strict-transport-security":"max-age=64072000; includeSubDomains; preload"}

[debug] [2026-07-06T02:24:30.292Z] : Response Body : {"status":"failure","data":{"error_code":"INVALID_URL_PATTERN","message":"Please check if the URL trying to access is a correct one"}}

[debug] [2026-07-06T02:25:40.978Z] : >>>> HTTP REQUEST : POST https://api.catalyst.zoho.com/baas/v1/project/5614000000393031/table/5614000000419078/column 
Request Body: {"column_details":[{"column_name":"focus_day_key","data_type":"varchar","max_length":"100","is_mandatory":false,"is_unique":false,"search_index_enabled":false}]}

[debug] [2026-07-06T02:25:41.301Z] : <<<< HTTP RESPONSE : 400
Response Headers: {"server":"ZGS","date":"Mon, 06 Jul 2026 02:25:41 GMT","content-type":"application/json;charset=ISO-8859-1","content-length":"108","connection":"keep-alive","x-content-type-options":"nosniff","x-frame-options":"DENY","strict-transport-security":"max-age=64072000; includeSubDomains; preload"}

[debug] [2026-07-06T02:25:41.303Z] : Response Body : {"status":"failure","data":{"error_code":"JSON_PARSE_ERROR","message":"Check if the input json is proper"}}

[debug] [2026-07-06T02:25:41.306Z] : >>>> HTTP REQUEST : POST https://api.catalyst.zoho.com/baas/v1/project/5614000000393031/table/5614000000419078/column 
Request Body: {"data":{"column_name":"focus_day_key","data_type":"varchar","max_length":"100","is_mandatory":false,"is_unique":false}}

[debug] [2026-07-06T02:25:41.400Z] : <<<< HTTP RESPONSE : 400
Response Headers: {"server":"ZGS","date":"Mon, 06 Jul 2026 02:25:41 GMT","content-type":"application/json;charset=ISO-8859-1","content-length":"108","connection":"keep-alive","x-content-type-options":"nosniff","x-frame-options":"DENY","strict-transport-security":"max-age=64072000; includeSubDomains; preload"}

[debug] [2026-07-06T02:25:41.400Z] : Response Body : {"status":"failure","data":{"error_code":"JSON_PARSE_ERROR","message":"Check if the input json is proper"}}

[debug] [2026-07-06T02:25:41.401Z] : >>>> HTTP REQUEST : POST https://api.catalyst.zoho.com/baas/v1/project/5614000000393031/table/5614000000419078/column 
Request Body: {"data":[{"column_name":"focus_day_key","data_type":"varchar","max_length":"100","is_mandatory":false,"is_unique":false}]}

[debug] [2026-07-06T02:25:41.496Z] : <<<< HTTP RESPONSE : 400
Response Headers: {"server":"ZGS","date":"Mon, 06 Jul 2026 02:25:41 GMT","content-type":"application/json;charset=ISO-8859-1","content-length":"108","connection":"keep-alive","x-content-type-options":"nosniff","x-frame-options":"DENY","strict-transport-security":"max-age=64072000; includeSubDomains; preload"}

[debug] [2026-07-06T02:25:41.496Z] : Response Body : {"status":"failure","data":{"error_code":"JSON_PARSE_ERROR","message":"Check if the input json is proper"}}

