[debug] [2026-06-11T23:18:57.408Z] : 
[debug] [2026-06-11T23:18:57.409Z] : ----------------------------------------------------------------------
[debug] [2026-06-11T23:18:57.409Z] : Command:      C:\Program Files\nodejs\node.exe C:\Users\gombc\AppData\Roaming\npm\node_modules\zcatalyst-cli\lib\bin\catalyst.js init
[debug] [2026-06-11T23:18:57.409Z] : CLI Version:  1.26.1
[debug] [2026-06-11T23:18:57.409Z] : Platform:     win32
[debug] [2026-06-11T23:18:57.409Z] : Node Version: v22.22.2
[debug] [2026-06-11T23:18:57.409Z] : Time:         Thu Jun 11 2026 19:18:57 GMT-0400 (Eastern Daylight Time)
[debug] [2026-06-11T23:18:57.409Z] : ----------------------------------------------------------------------
[debug] [2026-06-11T23:18:57.409Z] : 
[debug] [2026-06-11T23:18:57.834Z] : > authorizing via signed-in user option
[debug] [2026-06-11T23:18:57.834Z] : > command requires scopes: ["ZohoCatalyst.projects.ALL","ZohoCatalyst.projects.ALL","ZohoCatalyst.project.import.CREATE"]
[info] [2026-06-11T23:18:57.842Z] : 
      ___  
      \  \     ____           _             _                 _   
   ___ \  \   / ___|   __ _  | |_    __ _  | |  _   _   ___  | |_ 
  /  / /  /  | |      / _` | | __|  / _` | | | | | | | / __| | __|
 /  / /__/   | |___  | (_| | | |_  | (_| | | | | |_| | \__ \ | |_ 
 \  \         \____|  \__,_|  \__|  \__,_| |_|  \__, | |___/  \__|
  \__\                                          |___/       

You're about to initialize a Catalyst project in this directory:

  C:\Users\gombc\OneDrive - Sport Dog Food\github\repos\ringstatus\catalyst\datastore-analytics-sync

[debug] [2026-06-11T23:18:57.851Z] : >>>> HTTP REQUEST : GET https://api.catalyst.zoho.com/baas/v1/orgs 

[debug] [2026-06-11T23:18:58.255Z] : <<<< HTTP RESPONSE : 200
Response Headers: {"server":"ZGS","date":"Thu, 11 Jun 2026 23:18:58 GMT","content-type":"application/vnd.catalyst.v2+json","transfer-encoding":"chunked","connection":"keep-alive","x-content-type-options":"nosniff","cache-control":"private,no-cache,no-store,max-age=0,must-revalidate","pragma":"no-cache","expires":"Thu, 01 Jan 1970 00:00:00 GMT","x-frame-options":"DENY","strict-transport-security":"max-age=64072000; includeSubDomains; preload"}

[info] [2026-06-11T23:18:58.264Z] : i Setting up a new default project for this folder

[debug] [2026-06-11T23:18:58.265Z] : >>>> HTTP REQUEST : GET https://api.catalyst.zoho.com/baas/v1/project 

[debug] [2026-06-11T23:18:58.421Z] : <<<< HTTP RESPONSE : 200
Response Headers: {"server":"ZGS","date":"Thu, 11 Jun 2026 23:18:58 GMT","content-type":"application/vnd.catalyst.v2+json","transfer-encoding":"chunked","connection":"keep-alive","x-content-type-options":"nosniff","cache-control":"private,no-cache,no-store,max-age=0,must-revalidate","pragma":"no-cache","expires":"Thu, 01 Jan 1970 00:00:00 GMT","x-frame-options":"DENY","strict-transport-security":"max-age=64072000; includeSubDomains; preload"}

