2026-06-10T19:06:50 heartbeat show=14906 focus=2026-06-10 ok=True schedule_rows=37 triggers=0
2026-06-10T19:07:14 sync-focus-day rows= upstream=11
2026-06-10T19:07:28 sync-ring-days rows=52 sync-counts rows=100
2026-06-10T19:08:18 heartbeat show=14906 focus=2026-06-10 ok=True schedule_rows=37 triggers=0
2026-06-10T19:08:42 sync-focus-day rows= upstream=11
2026-06-10T19:08:56 sync-ring-days rows=52 sync-counts rows=100
2026-06-10T19:09:00 heartbeat show=14906 focus=2026-06-10 ok=True schedule_rows=37 triggers=0
2026-06-10T19:09:24 sync-focus-day rows= upstream=11
2026-06-10T19:09:38 sync-ring-days rows=52 sync-counts rows=100
2026-06-10T19:10:06 heartbeat show=14906 focus=2026-06-10 ok=True schedule_rows=37 triggers=0
2026-06-10T19:10:08 heartbeat show=14906 focus=2026-06-10 ok=True schedule_rows=37 triggers=0
2026-06-10T19:11:01 heartbeat show=14906 focus=2026-06-10 ok=True schedule_rows=37 triggers=0
2026-06-10T19:13:02 heartbeat show=14906 focus=2026-06-10 ok=True schedule_rows=37 triggers=0
2026-06-10T19:15:01 heartbeat show=14906 focus=2026-06-10 ok=True schedule_rows=37 triggers=0
2026-06-10T19:17:01 heartbeat show=14906 focus=2026-06-10 ok=True schedule_rows=37 triggers=0
2026-06-10T19:19:01 heartbeat show=14906 focus=2026-06-10 ok=True schedule_rows=37 triggers=0
2026-06-10T19:19:25 sync-focus-day rows= upstream=11
2026-06-10T19:21:01 heartbeat show=14906 focus=2026-06-10 ok=True schedule_rows=37 triggers=0
2026-06-10T19:23:01 heartbeat show=14906 focus= ok=True schedule_rows=37 triggers=0
2026-06-10T19:23:01 heartbeat show=14906 focus= ok=True schedule_rows=37 triggers=0
2026-06-10T19:23:19 heartbeat show=14906 focus=2026-06-10 ok=True schedule_rows=37 triggers=0
2026-06-10T19:25:01 heartbeat show=14906 focus=2026-06-10 ok=True schedule_rows=37 triggers=0
2026-06-10T19:27:01 heartbeat show=14906 focus=2026-06-10 ok=True schedule_rows=37 triggers=0
2026-06-10T19:29:01 heartbeat show=14906 focus=2026-06-10 ok=True schedule_rows=37 triggers=0
2026-06-10T19:29:01 sync-focus-day rows= upstream=
